descendant binary,ancestor binary,time,count
,,4501,155
